[    0.000000] Linux version 4.15.0-212-generic (buildd@lcy02-amd64-083) (gcc version 7.5.0 (Ubuntu 7.5.0-3ubuntu1~18.04)) #223-Ubuntu SMP Tue May 23 13:09:22 UTC 2023 (Ubuntu 4.15.0-212.223-generic 4.15.18)
[    0.000000] Command line: BOOT_IMAGE=/boot/vmlinuz-4.15.0-212-generic root=LABEL=cloudimg-rootfs ro console=tty1 console=ttyS0
[    0.000000] KERNEL supported cpus:
[    0.000000]   Intel GenuineIntel
[    0.000000]   AMD AuthenticAMD
[    0.000000]   Centaur CentaurHauls
[    0.000000] x86/fpu: x87 FPU will use FXSAVE
[    0.000000] e820: BIOS-provided physical RAM map:
[    0.000000] BIOS-e820: [mem 0x0000000000000000-0x000000000009fbff] usable
[    0.000000] BIOS-e820: [mem 0x000000000009fc00-0x000000000009ffff] reserved
[    0.000000] BIOS-e820: [mem 0x00000000000f0000-0x00000000000fffff] reserved
[    0.000000] BIOS-e820: [mem 0x0000000000100000-0x000000000ffeffff] usable
[    0.000000] BIOS-e820: [mem 0x000000000fff0000-0x000000000fffffff] ACPI data
[    0.000000] BIOS-e820: [mem 0x00000000fec00000-0x00000000fec00fff] reserved
[    0.000000] BIOS-e820: [mem 0x00000000fee00000-0x00000000fee00fff] reserved
[    0.000000] BIOS-e820: [mem 0x00000000fffc0000-0x00000000ffffffff] reserved
[    0.000000] NX (Execute Disable) protection: active
[    0.000000] SMBIOS 2.5 present.
[    0.000000] DMI: innotek GmbH VirtualBox/VirtualBox, BIOS VirtualBox 12/01/2006
[    0.000000] Hypervisor detected: KVM
[    0.000000] e820: last_pfn = 0xfff0 max_arch_pfn = 0x400000000
[    0.000000] MTRR: Disabled
[    0.000000] x86/PAT: MTRRs disabled, skipping PAT initialization too.
[    0.000000] CPU MTRRs all blank - virtualized system.
[    0.000000] x86/PAT: Configuration [0-7]: WB  WT  UC- UC  WB  WT  UC- UC  
[    0.000000] found SMP MP-table at [mem 0x0009fff0-0x0009ffff]
[    0.000000] Scanning 1 areas for low memory corruption
[    0.000000] RAMDISK: [mem 0x0dafa000-0x0ee0bfff]
[    0.000000] ACPI: Early table checksum verification disabled
[    0.000000] ACPI: RSDP 0x00000000000E0000 000024 (v02 VBOX  )
[    0.000000] ACPI: XSDT 0x000000000FFF0030 00003C (v01 VBOX   VBOXXSDT 00000001 ASL  00000061)
[    0.000000] ACPI: FACP 0x000000000FFF00F0 0000F4 (v04 VBOX   VBOXFACP 00000001 ASL  00000061)
[    0.000000] ACPI: DSDT 0x000000000FFF0610 002353 (v02 VBOX   VBOXBIOS 00000002 INTL 20100528)
[    0.000000] ACPI: FACS 0x000000000FFF0200 000040
[    0.000000] ACPI: FACS 0x000000000FFF0200 000040
[    0.000000] ACPI: APIC 0x000000000FFF0240 000054 (v02 VBOX   VBOXAPIC 00000001 ASL  00000061)
[    0.000000] ACPI: SSDT 0x000000000FFF02A0 00036C (v01 VBOX   VBOXCPUT 00000002 INTL 20100528)
[    0.000000] ACPI: Reserving FACP table memory at [mem 0xfff00f0-0xfff01e3]
[    0.000000] ACPI: Reserving DSDT table memory at [mem 0xfff0610-0xfff2962]
[    0.000000] ACPI: Reserving FACS table memory at [mem 0xfff0200-0xfff023f]
[    0.000000] ACPI: Reserving FACS table memory at [mem 0xfff0200-0xfff023f]
[    0.000000] ACPI: Reserving APIC table memory at [mem 0xfff0240-0xfff0293]
[    0.000000] ACPI: Reserving SSDT table memory at [mem 0xfff02a0-0xfff060b]
[    0.000000] No NUMA configuration found
[    0.000000] Faking a node at [mem 0x0000000000000000-0x000000000ffeffff]
[    0.000000] NODE_DATA(0) allocated [mem 0x0ffc5000-0x0ffeffff]
[    0.000000] kvm-clock: cpu 0, msr 0:ff44001, primary cpu clock
[    0.000000] kvm-clock: Using msrs 4b564d01 and 4b564d00
[    0.000000] kvm-clock: using sched offset of 5275109399 cycles
[    0.000000] clocksource: kvm-clock: mask: 0xffffffffffffffff max_cycles: 0x1cd42e4dffb, max_idle_ns: 881590591483 ns
[    0.000000] Zone ranges:
[    0.000000]   DMA      [mem 0x0000000000001000-0x0000000000ffffff]
[    0.000000]   DMA32    [mem 0x0000000001000000-0x000000000ffeffff]
[    0.000000]   Normal   empty
[    0.000000]   Device   empty
[    0.000000] Movable zone start for each node
[    0.000000] Early memory node ranges
[    0.000000]   node   0: [mem 0x0000000000001000-0x000000000009efff]
[    0.000000]   node   0: [mem 0x0000000000100000-0x000000000ffeffff]
[    0.000000] Reserved but unavailable: 104 pages
[    0.000000] Initmem setup node 0 [mem 0x0000000000001000-0x000000000ffeffff]
[    0.000000] ACPI: PM-Timer IO Port: 0x4008
[    0.000000] IOAPIC[0]: apic_id 1, version 32, address 0xfec00000, GSI 0-23
[    0.000000] ACPI: INT_SRC_OVR (bus 0 bus_irq 0 global_irq 2 dfl dfl)
[    0.000000] ACPI: INT_SRC_OVR (bus 0 bus_irq 9 global_irq 9 low level)
[    0.000000] Using ACPI (MADT) for SMP configuration information
[    0.000000] smpboot: Allowing 1 CPUs, 0 hotplug CPUs
[    0.000000] PM: Registered nosave memory: [mem 0x00000000-0x00000fff]
[    0.000000] PM: Registered nosave memory: [mem 0x0009f000-0x0009ffff]
[    0.000000] PM: Registered nosave memory: [mem 0x000a0000-0x000effff]
[    0.000000] PM: Registered nosave memory: [mem 0x000f0000-0x000fffff]
[    0.000000] e820: [mem 0x10000000-0xfebfffff] available for PCI devices
[    0.000000] Booting paravirtualized kernel on KVM
[    0.000000] clocksource: refined-jiffies: mask: 0xffffffff max_cycles: 0xffffffff, max_idle_ns: 7645519600211568 ns
[    0.000000] setup_percpu: NR_CPUS:8192 nr_cpumask_bits:1 nr_cpu_ids:1 nr_node_ids:1
[    0.000000] percpu: Embedded 50 pages/cpu s167936 r8192 d28672 u2097152
[    0.000000] PV qspinlock hash table entries: 256 (order: 0, 4096 bytes)
[    0.000000] Built 1 zonelists, mobility grouping on.  Total pages: 64377
[    0.000000] Policy zone: DMA32
[    0.000000] Kernel command line: BOOT_IMAGE=/boot/vmlinuz-4.15.0-212-generic root=LABEL=cloudimg-rootfs ro console=tty1 console=ttyS0
[    0.000000] Memory: 208700K/261688K available (12300K kernel code, 2477K rwdata, 4324K rodata, 2480K init, 2720K bss, 52988K reserved, 0K cma-reserved)
[    0.000000] SLUB: HWalign=64, Order=0-3, MinObjects=0, CPUs=1, Nodes=1
[    0.000000] Kernel/User page tables isolation: enabled
[    0.000000] ftrace: allocating 39508 entries in 155 pages
[    0.004000] Hierarchical RCU implementation.
[    0.004000] 	RCU restricting CPUs from NR_CPUS=8192 to nr_cpu_ids=1.
[    0.004000] 	Tasks RCU enabled.
[    0.004000] RCU: Adjusting geometry for rcu_fanout_leaf=16, nr_cpu_ids=1
[    0.004000] NR_IRQS: 524544, nr_irqs: 256, preallocated irqs: 16
[    0.004000] random: crng init done
[    0.004000] Console: colour VGA+ 80x25
[    0.004000] console [tty1] enabled
[    0.004000] console [ttyS0] enabled
[    0.004000] ACPI: Core revision 20170831
[    0.004000] ACPI: 2 ACPI AML tables successfully acquired and loaded
[    0.004000] APIC: Switch to symmetric I/O mode setup
[    0.008000] ..TIMER: vector=0x30 apic1=0 pin1=2 apic2=-1 pin2=-1
[    0.008014] tsc: Detected 1800.000 MHz processor
[    0.016022] Calibrating delay loop (skipped) preset value.. 3600.00 BogoMIPS (lpj=7200000)
[    0.020012] pid_max: default: 32768 minimum: 301
[    0.024069] Security Framework initialized
[    0.028011] Yama: becoming mindful.
[    0.032056] AppArmor: AppArmor initialized
[    0.036179] Dentry cache hash table entries: 32768 (order: 6, 262144 bytes)
[    0.040053] Inode-cache hash table entries: 16384 (order: 5, 131072 bytes)
[    0.044049] Mount-cache hash table entries: 512 (order: 0, 4096 bytes)
[    0.048020] Mountpoint-cache hash table entries: 512 (order: 0, 4096 bytes)
[    0.064338] Last level iTLB entries: 4KB 128, 2MB 8, 4MB 8
[    0.068010] Last level dTLB entries: 4KB 64, 2MB 0, 4MB 0, 1GB 4
[    0.072014] Spectre V1 : Mitigation: usercopy/swapgs barriers and __user pointer sanitization
[    0.080010] Spectre V2 : Mitigation: Retpolines
[    0.084009] Spectre V2 : Spectre v2 / SpectreRSB mitigation: Filling RSB on context switch
[    0.088009] Spectre V2 : Spectre v2 / SpectreRSB : Filling RSB on VMEXIT
[    0.092010] RETBleed: WARNING: Spectre v2 mitigation leaves CPU vulnerable to RETBleed attacks, data leaks possible!
[    0.096011] RETBleed: Vulnerable
[    0.100010] Speculative Store Bypass: Vulnerable
[    0.104180] MDS: Mitigation: Clear CPU buffers
[    0.108009] MMIO Stale Data: Mitigation: Clear CPU buffers
[    0.112012] SRBDS: Unknown: Dependent on hypervisor status
[    0.130314] Freeing SMP alternatives memory: 36K
[    0.252476] APIC calibration not consistent with PM-Timer: 214ms instead of 100ms
[    0.256000] APIC delta adjusted to PM-Timer: 6353829 (13645573)
[    0.256942] smpboot: CPU0: Intel(R) Celeron(R) CPU 3865U @ 1.80GHz (family: 0x6, model: 0x8e, stepping: 0x9)
[    0.260146] Performance Events: unsupported p6 CPU model 142 no PMU driver, software events only.
[    0.264265] Hierarchical SRCU implementation.
[    0.268992] NMI watchdog: Perf event create on CPU 0 failed with -2
[    0.272010] NMI watchdog: Perf NMI watchdog permanently disabled
[    0.276115] smp: Bringing up secondary CPUs ...
[    0.284012] smp: Brought up 1 node, 1 CPU
[    0.292007] smpboot: Max logical packages: 1
[    0.296013] smpboot: Total of 1 processors activated (3600.00 BogoMIPS)
[    0.300213] devtmpfs: initialized
[    0.304216] x86/mm: Memory block size: 128MB
[    0.308198] evm: security.selinux
[    0.312019] evm: security.SMACK64
[    0.316011] evm: security.SMACK64EXEC
[    0.320011] evm: security.SMACK64TRANSMUTE
[    0.324011] evm: security.SMACK64MMAP
[    0.328011] evm: security.apparmor
[    0.332015] evm: security.ima
[    0.340012] evm: security.capability
[    0.344209] clocksource: jiffies: mask: 0xffffffff max_cycles: 0xffffffff, max_idle_ns: 7645041785100000 ns
[    0.348034] futex hash table entries: 256 (order: 2, 16384 bytes)
[    0.352101] pinctrl core: initialized pinctrl subsystem
[    0.360527] RTC time: 20:50:46, date: 08/11/24
[    0.364279] NET: Registered protocol family 16
[    0.372151] audit: initializing netlink subsys (disabled)
[    0.376260] cpuidle: using governor ladder
[    0.380025] audit: type=2000 audit(1723409449.929:1): state=initialized audit_enabled=0 res=1
[    0.384023] cpuidle: using governor menu
[    0.388128] ACPI: bus type PCI registered
[    0.392013] acpiphp: ACPI Hot Plug PCI Controller Driver version: 0.5
[    0.396671] PCI: Using configuration type 1 for base access
[    0.402075] HugeTLB registered 2.00 MiB page size, pre-allocated 0 pages
[    0.404336] ACPI: Added _OSI(Module Device)
[    0.408019] ACPI: Added _OSI(Processor Device)
[    0.416016] ACPI: Added _OSI(3.0 _SCP Extensions)
[    0.424014] ACPI: Added _OSI(Processor Aggregator Device)
[    0.428034] ACPI: Added _OSI(Linux-Dell-Video)
[    0.432045] ACPI: Added _OSI(Linux-Lenovo-NV-HDMI-Audio)
[    0.436016] ACPI: Added _OSI(Linux-HPI-Hybrid-Graphics)
[    0.444451] ACPI: Executed 1 blocks of module-level executable AML code
[    0.460879] ACPI: Interpreter enabled
[    0.464042] ACPI: (supports S0 S5)
[    0.468012] ACPI: Using IOAPIC for interrupt routing
[    0.472930] PCI: Using host bridge windows from ACPI; if necessary, use "pci=nocrs" and report a bug
[    0.477763] ACPI: Enabled 2 GPEs in block 00 to 07
[    0.528564] ACPI: PCI Root Bridge [PCI0] (domain 0000 [bus 00-ff])
[    0.532037] acpi PNP0A03:00: _OSC: OS supports [ASPM ClockPM Segments MSI]
[    0.537714] acpi PNP0A03:00: _OSC: not requesting OS control; OS requires [ExtendedConfig ASPM ClockPM MSI]
[    0.540048] acpi PNP0A03:00: fail to add MMCONFIG information, can't access extended PCI configuration space under this bridge.
[    0.546748] PCI host bridge to bus 0000:00
[    0.552026] pci_bus 0000:00: root bus resource [io  0x0000-0x0cf7 window]
[    0.556016] pci_bus 0000:00: root bus resource [io  0x0d00-0xffff window]
[    0.560018] pci_bus 0000:00: root bus resource [mem 0x000a0000-0x000bffff window]
[    0.564017] pci_bus 0000:00: root bus resource [mem 0x10000000-0xfdffffff window]
[    0.568017] pci_bus 0000:00: root bus resource [bus 00-ff]
[    0.597346] pci 0000:00:01.1: legacy IDE quirk: reg 0x10: [io  0x01f0-0x01f7]
[    0.600016] pci 0000:00:01.1: legacy IDE quirk: reg 0x14: [io  0x03f6]
[    0.604016] pci 0000:00:01.1: legacy IDE quirk: reg 0x18: [io  0x0170-0x0177]
[    0.608016] pci 0000:00:01.1: legacy IDE quirk: reg 0x1c: [io  0x0376]
[    0.708115] pci 0000:00:07.0: quirk: [io  0x4000-0x403f] claimed by PIIX4 ACPI
[    0.712097] pci 0000:00:07.0: quirk: [io  0x4100-0x410f] claimed by PIIX4 SMB
[    0.769623] ACPI: PCI Interrupt Link [LNKA] (IRQs 5 9 10 *11)
[    0.776929] ACPI: PCI Interrupt Link [LNKB] (IRQs 5 9 *10 11)
[    0.784392] ACPI: PCI Interrupt Link [LNKC] (IRQs 5 *9 10 11)
[    0.788503] ACPI: PCI Interrupt Link [LNKD] (IRQs 5 9 10 *11)
[    0.796713] SCSI subsystem initialized
[    0.804257] pci 0000:00:02.0: vgaarb: setting as boot VGA device
[    0.808000] pci 0000:00:02.0: vgaarb: VGA device added: decodes=io+mem,owns=io+mem,locks=none
[    0.808017] pci 0000:00:02.0: vgaarb: bridge control possible
[    0.812011] vgaarb: loaded
[    0.816838] ACPI: bus type USB registered
[    0.820077] usbcore: registered new interface driver usbfs
[    0.824053] usbcore: registered new interface driver hub
[    0.828047] usbcore: registered new device driver usb
[    0.832180] EDAC MC: Ver: 3.0.0
[    0.840335] PCI: Using ACPI for IRQ routing
[    0.848339] NetLabel: Initializing
[    0.856011] NetLabel:  domain hash size = 128
[    0.864053] NetLabel:  protocols = UNLABELED CIPSOv4 CALIPSO
[    0.868060] NetLabel:  unlabeled traffic allowed by default
[    0.872529] clocksource: Switched to clocksource kvm-clock
[    1.032359] VFS: Disk quotas dquot_6.6.0
[    1.056513] VFS: Dquot-cache hash table entries: 512 (order 0, 4096 bytes)
[    1.131602] AppArmor: AppArmor Filesystem Enabled
[    1.160610] pnp: PnP ACPI init
[    1.186233] pnp: PnP ACPI: found 3 devices
[    1.254299] clocksource: acpi_pm: mask: 0xffffff max_cycles: 0xffffff, max_idle_ns: 2085701024 ns
[    1.296647] NET: Registered protocol family 2
[    1.315294] IP idents hash table entries: 4096 (order: 3, 32768 bytes)
[    1.343580] TCP established hash table entries: 2048 (order: 2, 16384 bytes)
[    1.383599] TCP bind hash table entries: 2048 (order: 3, 32768 bytes)
[    1.407159] TCP: Hash tables configured (established 2048 bind 2048)
[    1.430557] UDP hash table entries: 256 (order: 1, 8192 bytes)
[    1.465862] UDP-Lite hash table entries: 256 (order: 1, 8192 bytes)
[    1.500706] NET: Registered protocol family 1
[    1.518764] pci 0000:00:00.0: Limiting direct PCI/PCI transfers
[    1.537154] pci 0000:00:01.0: Activating ISA DMA hang workarounds
[    1.557043] pci 0000:00:02.0: Video device with shadowed ROM at [mem 0x000c0000-0x000dffff]
[    1.583154] Unpacking initramfs...
[    3.014655] Freeing initrd memory: 19528K
[    3.025655] clocksource: tsc: mask: 0xffffffffffffffff max_cycles: 0x19f2297dd97, max_idle_ns: 440795236593 ns
[    3.045641] platform rtc_cmos: registered platform RTC device (no PNP device found)
[    3.060523] Scanning for low memory corruption every 60 seconds
[    3.073553] Initialise system trusted keyrings
[    3.082406] Key type blacklist registered
[    3.091243] workingset: timestamp_bits=36 max_order=16 bucket_order=0
[    3.107679] zbud: loaded
[    3.116747] squashfs: version 4.0 (2009/01/31) Phillip Lougher
[    3.128974] fuse init (API version 7.26)
[    3.142254] Key type asymmetric registered
[    3.150685] Asymmetric key parser 'x509' registered
[    3.161887] Block layer SCSI generic (bsg) driver version 0.4 loaded (major 246)
[    3.177438] io scheduler noop registered
[    3.185390] io scheduler deadline registered
[    3.193940] io scheduler cfq registered (default)
[    3.205057] ACPI: AC Adapter [AC] (on-line)
[    3.213866] input: Power Button as /devices/LNXSYSTM:00/LNXPWRBN:00/input/input0
[    3.229711] ACPI: Power Button [PWRF]
[    3.237365] input: Sleep Button as /devices/LNXSYSTM:00/LNXSLPBN:00/input/input1
[    3.252628] ACPI: Sleep Button [SLPF]
[    3.264855] Serial: 8250/16550 driver, 32 ports, IRQ sharing enabled
[    3.277683] ACPI: Battery Slot [BAT0] (battery present)
[    3.342659] 00:02: ttyS0 at I/O 0x3f8 (irq = 4, base_baud = 115200) is a 16550A
[    3.361827] Linux agpgart interface v0.103
[    3.381511] loop: module loaded
[    3.406539] scsi host0: ata_piix
[    3.434380] scsi host1: ata_piix
[    3.448053] ata1: PATA max UDMA/33 cmd 0x1f0 ctl 0x3f6 bmdma 0xd000 irq 14
[    3.469944] ata2: PATA max UDMA/33 cmd 0x170 ctl 0x376 bmdma 0xd008 irq 15
[    3.506934] tun: Universal TUN/TAP device driver, 1.6
[    3.542798] PPP generic driver version 2.4.2
[    3.554135] ehci_hcd: USB 2.0 'Enhanced' Host Controller (EHCI) Driver
[    3.588676] ehci-pci: EHCI PCI platform driver
[    3.612279] ehci-platform: EHCI generic platform driver
[    3.625198] ohci_hcd: USB 1.1 'Open' Host Controller (OHCI) Driver
[    3.647295] ohci-pci: OHCI PCI platform driver
[    3.844488] ohci-platform: OHCI generic platform driver
[    3.861673] uhci_hcd: USB Universal Host Controller Interface driver
[    3.896960] i8042: PNP: PS/2 Controller [PNP0303:PS2K,PNP0f03:PS2M] at 0x60,0x64 irq 1,12
[    3.929397] serio: i8042 KBD port at 0x60,0x64 irq 1
[    3.944086] serio: i8042 AUX port at 0x60,0x64 irq 12
[    3.958870] mousedev: PS/2 mouse device common for all mice
[    3.979572] input: AT Translated Set 2 keyboard as /devices/platform/i8042/serio0/input/input2
[    4.007892] rtc_cmos rtc_cmos: rtc core: registered rtc_cmos as rtc0
[    4.027609] rtc_cmos rtc_cmos: alarms up to one day, 114 bytes nvram
[    4.047463] i2c /dev entries driver
[    4.058211] device-mapper: uevent: version 1.0.3
[    4.072965] device-mapper: ioctl: 4.37.0-ioctl (2017-09-20) initialised: dm-devel@redhat.com
[    4.095976] ledtrig-cpu: registered to indicate activity on CPUs
[    4.119564] NET: Registered protocol family 10
[    4.151601] Segment Routing with IPv6
[    4.166401] NET: Registered protocol family 17
[    4.178691] Key type dns_resolver registered
[    4.191845] mce: Using 0 MCE banks
[    4.202720] RAS: Correctable Errors collector initialized.
[    4.218317] sched_clock: Marking stable (4218175092, 0)->(9357968173, -5139793081)
[    4.241624] registered taskstats version 1
[    4.255536] Loading compiled-in X.509 certificates
[    4.278659] Loaded X.509 cert 'Build time autogenerated kernel key: b5b26778eaa3ab3a4a6cee031137706e947d12ad'
[    4.321103] Loaded X.509 cert 'Canonical Ltd. Live Patch Signing: 14df34d1a87cf37625abec039ef2bf521249b969'
[    4.351644] Loaded X.509 cert 'Canonical Ltd. Kernel Module Signing: 88f752e560a1e0737e31163a466ad7b70a850c19'
[    4.378036] blacklist: Loading compiled-in revocation X.509 certificates
[    4.397919] Loaded X.509 cert 'Canonical Ltd. Secure Boot Signing: 61482aa2830d0ab2ad5af10b7250da9033ddcef0'
[    4.424987] Loaded X.509 cert 'Canonical Ltd. Secure Boot Signing (2017): 242ade75ac4a15e50d50c84b0d45ff3eae707a03'
[    4.454239] Loaded X.509 cert 'Canonical Ltd. Secure Boot Signing (ESM 2018): 365188c1d374d6b07c3c8f240f8ef722433d6a8b'
[    4.480992] Loaded X.509 cert 'Canonical Ltd. Secure Boot Signing (2019): c0746fd6c5da3ae827864651ad66ae47fe24b3e8'
[    4.511351] Loaded X.509 cert 'Canonical Ltd. Secure Boot Signing (2021 v1): a8d54bbb3825cfb94fa13c9f8a594a195c107b8d'
[    4.542183] Loaded X.509 cert 'Canonical Ltd. Secure Boot Signing (2021 v2): 4cf046892d6fd3c9a5b03f98d845f90851dc6a8c'
[    4.573947] Loaded X.509 cert 'Canonical Ltd. Secure Boot Signing (2021 v3): 100437bb6de6e469b581e61cd66bce3ef4ed53af'
[    4.606948] Loaded X.509 cert 'Canonical Ltd. Secure Boot Signing (Ubuntu Core 2019): c1d57b8f6b743f23ee41f4f7ee292f06eecadfb9'
[    4.635816] zswap: loaded using pool lzo/zbud
[    4.680800] Key type big_key registered
[    4.694806] Key type trusted registered
[    4.723302] Key type encrypted registered
[    4.735172] AppArmor: AppArmor sha1 policy hashing enabled
[    4.755442] ima: No TPM chip found, activating TPM-bypass! (rc=-19)
[    4.770243] ima: Allocated hash algorithm: sha1
[    4.785087] evm: HMAC attrs: 0x1
[    4.802465]   Magic number: 4:748:851
[    4.818131]  index3: hash matches
[    4.831167] rtc_cmos rtc_cmos: setting system clock to 2024-08-11 20:50:52 UTC (1723409452)
[    4.857853] BIOS EDD facility v0.16 2004-Jun-25, 0 devices found
[    4.877308] EDD information not available.
[    4.899536] Freeing unused kernel image memory: 2480K
[    4.925412] Write protecting the kernel read-only data: 20480k
[    4.947337] Freeing unused kernel image memory: 2008K
[    4.967313] Freeing unused kernel image memory: 1820K
[    5.011278] x86/mm: Checked W+X mappings: passed, no W+X pages found.
[    5.028837] x86/mm: Checking user space page tables
[    5.051393] x86/mm: Checked W+X mappings: passed, no W+X pages found.
Loading, please wait...
starting version 237
[    5.408368] e1000: Intel(R) PRO/1000 Network Driver - version 7.3.21-k8-NAPI
[    5.432302] e1000: Copyright (c) 1999-2006 Intel Corporation.
[    5.452232] Fusion MPT base driver 3.04.20
[    5.463454] Copyright (c) 1999-2008 LSI Corporation
[    5.642937] SSE version of gcm_enc/dec engaged.
[    5.687957] Fusion MPT SPI Host driver 3.04.20
[    5.736525] mptbase: ioc0: Initiating bringup
[    5.858874] input: ImExPS/2 Generic Explorer Mouse as /devices/platform/i8042/serio1/input/input4
[    5.896326] ioc0: LSI53C1030 A0: Capabilities={Initiator}
[    6.185523] scsi host2: ioc0: LSI53C1030 A0, FwRev=00000000h, Ports=1, MaxQ=256, IRQ=20
[    6.386490] scsi 2:0:0:0: Direct-Access     VBOX     HARDDISK         1.0  PQ: 0 ANSI: 5
[    6.412146] scsi target2:0:0: Beginning Domain Validation
[    6.439425] scsi target2:0:0: Domain Validation skipping write tests
[    6.453161] scsi target2:0:0: Ending Domain Validation
[    6.482605] scsi target2:0:0: asynchronous
[    6.534550] scsi 2:0:1:0: Direct-Access     VBOX     HARDDISK         1.0  PQ: 0 ANSI: 5
[    6.568877] scsi target2:0:1: Beginning Domain Validation
[    6.625127] scsi target2:0:1: Domain Validation skipping write tests
[    6.637580] scsi target2:0:1: Ending Domain Validation
[    6.664818] scsi target2:0:1: asynchronous
[    6.795689] sd 2:0:0:0: [sda] 83886080 512-byte logical blocks: (42.9 GB/40.0 GiB)
[    6.827381] sd 2:0:0:0: Attached scsi generic sg0 type 0
[    6.839305] sd 2:0:1:0: Attached scsi generic sg1 type 0
[    6.868499] sd 2:0:1:0: [sdb] 20480 512-byte logical blocks: (10.5 MB/10.0 MiB)
[    6.883865] sd 2:0:0:0: [sda] Write Protect is off
[    6.895507] sd 2:0:0:0: [sda] Incomplete mode parameter data
[    6.908418] sd 2:0:0:0: [sda] Assuming drive cache: write through
[    6.923941] sd 2:0:1:0: [sdb] Write Protect is off
[    6.958003] sd 2:0:1:0: [sdb] Incomplete mode parameter data
[    6.974197] sd 2:0:1:0: [sdb] Assuming drive cache: write through
[    7.021311]  sda: sda1
[    7.063263] sd 2:0:0:0: [sda] Attached SCSI disk
[    7.103030] sd 2:0:1:0: [sdb] Attached SCSI disk
[    8.058394] e1000 0000:00:03.0 eth0: (PCI:33MHz:32-bit) 02:3b:7b:b7:3b:2d
[    8.072198] e1000 0000:00:03.0 eth0: Intel(R) PRO/1000 Network Connection
[    9.495031] e1000 0000:00:08.0 eth1: (PCI:33MHz:32-bit) 08:00:27:55:0e:3f
[    9.509764] e1000 0000:00:08.0 eth1: Intel(R) PRO/1000 Network Connection
[    9.527770] e1000 0000:00:03.0 enp0s3: renamed from eth0
[    9.722391] e1000 0000:00:08.0 enp0s8: renamed from eth1
Begin: Loading essential drivers ... [   13.228851] raid6: sse2x1   gen()  5007 MB/s
[   13.293623] raid6: sse2x1   xor()  3655 MB/s
[   13.356686] raid6: sse2x2   gen()  6356 MB/s
[   13.421146] raid6: sse2x2   xor()  4278 MB/s
[   13.496239] raid6: sse2x4   gen()  8987 MB/s
[   13.564102] raid6: sse2x4   xor()  4550 MB/s
[   13.576296] raid6: using algorithm sse2x4 gen() 8987 MB/s
[   13.587629] raid6: .... xor() 4550 MB/s, rmw enabled
[   13.598588] raid6: using ssse3x2 recovery algorithm
[   13.611028] xor: measuring software checksum speed
[   13.724084]    prefetch64-sse: 23937.000 MB/sec
[   13.845018]    generic_sse: 22047.000 MB/sec
[   13.856134] xor: using function: prefetch64-sse (23937.000 MB/sec)
[   13.871526] async_tx: api initialized (async)
done.
Begin: Running /scripts/init-premount ... done.
Begin: Mounting root file system ... Begin: Running /scripts/local-top ... done.
Begin: Running /scripts/local-premount ... [   14.060467] Btrfs loaded, crc32c=crc32c-intel
Scanning for Btrfs filesystems
done.
Warning: fsck not present, so skipping root file system
[   14.217169] EXT4-fs (sda1): INFO: recovery required on readonly filesystem
[   14.230353] EXT4-fs (sda1): write access will be enabled during recovery
[   15.510271] EXT4-fs (sda1): recovery complete
[   15.523851] EXT4-fs (sda1): mounted filesystem with ordered data mode. Opts: (null)
done.
Begin: Running /scripts/local-bottom ... done.
Begin: Running /scripts/init-bottom ... done.
[   15.967941] ip_tables: (C) 2000-2006 Netfilter Core Team
[   16.020633] systemd[1]: systemd 237 running in system mode. (+PAM +AUDIT +SELINUX +IMA +APPARMOR +SMACK +SYSVINIT +UTMP +LIBCRYPTSETUP +GCRYPT +GNUTLS +ACL +XZ +LZ4 +SECCOMP +BLKID +ELFUTILS +KMOD -IDN2 +IDN -PCRE2 default-hierarchy=hybrid)
[   16.061499] systemd[1]: Detected virtualization oracle.
[   16.072899] systemd[1]: Detected architecture x86-64.

Welcome to [1mUbuntu 18.04.6 LTS[0m!

[   16.096892] systemd[1]: Set hostname to <server3>.
[   16.954431] systemd[1]: Reached target Mounting snaps.
[[0;32m  OK  [0m] Reached target Mounting snaps.
[   16.977484] systemd[1]: Created slice User and Session Slice.
[[0;32m  OK  [0m] Created slice User and Session Slice.
[   17.000124] systemd[1]: Started Forward Password Requests to Wall Directory Watch.
[[0;32m  OK  [0m] Started Forward Password Requests to Wall Directory Watch.
[   17.031591] systemd[1]: Reached target Swap.
[[0;32m  OK  [0m] Reached target Swap.
[   17.050538] systemd[1]: Reached target Mounted snaps.
[[0;32m  OK  [0m] Reached target Mounted snaps.
[   17.070469] systemd[1]: Reached target System Time Synchronized.
[[0;32m  OK  [0m] Reached target System Time Synchronized.
[[0;32m  OK  [0m] Set up automount Arbitrary Executabâ€¦rmats File System Automount Point.
[[0;32m  OK  [0m] Created slice System Slice.
[[0;32m  OK  [0m] Listening on Syslog Socket.
[[0;32m  OK  [0m] Created slice system-serial\x2dgetty.slice.
[[0;32m  OK  [0m] Listening on Device-mapper event daemon FIFOs.
[[0;32m  OK  [0m] Listening on Network Service Netlink Socket.
[[0;32m  OK  [0m] Listening on Journal Audit Socket.
[[0;32m  OK  [0m] Listening on /dev/initctl Compatibility Named Pipe.
[[0;32m  OK  [0m] Listening on Journal Socket.
         Starting Set the console keyboard layout...
         Starting Create list of required stâ€¦ce nodes for the current kernel...
[[0;32m  OK  [0m] Listening on udev Control Socket.
         Mounting POSIX Message Queue File System...
         Starting Uncomplicated firewall...
         Mounting Kernel Debug File System...
         Starting Load Kernel Modules...
[[0;32m  OK  [0m] Listening on udev Kernel Socket.
[[0;32m  OK  [0m] Reached target Slices.[   17.374354] Loading iSCSI transport class v2.0-870.

[[0;32m  OK  [0m] Listening on fsck to fsckd communication Socket.
[[0;32m  OK  [0m] Listening on Journal Socket (/dev/log).
         Starting Journal Service...
         Starting udev Coldplug all Devices...[   17.459837] iscsi: registered transport (tcp)

[[0;32m  OK  [0m] Listening on LVM2 metadata daemon socket.
         Starting Monitoring of LVM2 mirrorsâ€¦ng dmeventd or progress polling...
         Starting File System Check on Root Device...
         Mounting Huge Pages File System...
[[0;32m  OK  [0m] Listening on LVM2 poll daemon socket.
[[0;32m  OK  [0m] Reached target User and Group Name Lookups.
[[0;32m  OK  [0m] Started Create list of required staâ€¦vice nodes for the current kernel.
[[0;32m  OK  [0m] Mounted POSIX Message Queue File System.
[[0;32m  OK  [0m] Started Uncomplicated firewall.
[[0;32m  OK  [0m] Mounted Kernel Debug File System.
[[0;32m  OK  [0m] Mounted Huge Pages File System.
[[0;32m  OK  [0m] Started File System Check Daemon to report status.
         Starting Create Static Device Nodes in /dev...
[[0;32m  OK  [0m] Started Journal Service.
[[0;32m  OK  [0m] Started Create Static Device Nodes in /dev.[   18.053203] iscsi: registered transport (iser)

[[0;32m  OK  [0m] Started Load Kernel Modules.
[[0;32m  OK  [0m] Started File System Check on Root Device.
         Starting Remount Root and Kernel File Systems...
         Starting Apply Kernel Variables...
         Mounting FUSE Control File System...
         Mounting Kernel Configuration File System...
[[0;32m  OK  [0m] Started LVM2 metadata daemon.
[[0;32m  OK  [0m] Mounted FUSE Control File System.
[[0;32m  OK  [0m] Mounted Kernel Configuration File System.
[[0;32m  OK  [0m] Started Apply Kernel Variables.
[[0;32m  OK  [0m] Started udev Coldplug all Devices.
[[0;32m  OK  [0m] Started Monitoring of LVM2 mirrors,â€¦sing dmeventd or progress polling.
[[0;32m  OK  [0m] Started Remount Root and Kernel File Systems.
[[0;32m  OK  [0m] Started Set the console keyboard layout.
         Starting Load/Save Random Seed...
         Starting Flush Journal to Persistent Storage...
         Starting udev Kernel Device Manager...
[[0;32m  OK  [0m] Reached target Local File Systems (Pre).
[[0;32m  OK  [0m] Reached target Local File Systems.
         Starting Set console font and keymap...
         Starting Tell Plymouth To Write Out Runtime Data...
         Starting AppArmor initialization...
         Starting ebtables ruleset management...
[[0;32m  OK  [0m] Started udev Kernel Device Manager.
[[0;32m  OK  [0m] Started Load/Save Random Seed.
[[0;32m  OK  [0m] Started Dispatch Password Requests to Console Directory Watch.
[[0;32m  OK  [0m] Reached target Local Encrypted Volumes.
[[0;32m  OK  [0m] Started Set console font and keymap.
[[0;32m  OK  [0m] Started Tell Plymouth To Write Out Runtime Data.
[[0;32m  OK  [0m] Started ebtables ruleset management.
[[0;32m  OK  [0m] Started Flush Journal to Persistent Storage.
         Starting Create Volatile Files and Directories...
[[0;32m  OK  [0m] Started Create Volatile Files and Directories.
         Starting Update UTMP about System Boot/Shutdown...
[[0;32m  OK  [0m] Started Update UTMP about System Boot/Shutdown.
[[0;32m  OK  [0m] Started AppArmor initialization.
         Starting Load AppArmor profiles managed internally by snapd...
         Starting Initial cloud-init job (pre-networking)...
         Mounting Arbitrary Executable File Formats File System...
[[0;32m  OK  [0m] Mounted Arbitrary Executable File Formats File System.
[[0;32m  OK  [0m] Started Load AppArmor profiles managed internally by snapd.
[[0;32m  OK  [0m] Found device /dev/ttyS0.
[[0;32m  OK  [0m] Listening on Load/Save RF Kill Switch Status /dev/rfkill Watch.
[   29.751558] cloud-init[506]: Cloud-init v. 23.1.2-0ubuntu0~18.04.1 running 'init-local' at Sun, 11 Aug 2024 20:51:16 +0000. Up 28.48 seconds.
[[0;32m  OK  [0m] Started Initial cloud-init job (pre-networking).
[[0;32m  OK  [0m] Reached target Network (Pre).
         Starting Network Service...
[[0;32m  OK  [0m] Started Network Service.
         Starting Network Name Resolution...
         Starting Wait for Network to be Configured...
[[0;32m  OK  [0m] Started Network Name Resolution.
[[0;32m  OK  [0m] Reached target Host and Network Name Lookups.
[[0;32m  OK  [0m] Reached target Network.
[[0;32m  OK  [0m] Started Wait for Network to be Configured.
         Starting Initial cloud-init job (metadata service crawler)...
[   34.693714] cloud-init[660]: Cloud-init v. 23.1.2-0ubuntu0~18.04.1 running 'init' at Sun, 11 Aug 2024 20:51:21 +0000. Up 34.00 seconds.
[   34.729011] cloud-init[660]: ci-info: ++++++++++++++++++++++++++++++++++++++Net device info++++++++++++++++++++++++++++++++++++++
[   34.758802] cloud-init[660]: ci-info: +--------+------+----------------------------+---------------+--------+-------------------+
[   34.796997] cloud-init[660]: ci-info: | Device |  Up  |          Address           |      Mask     | Scope  |     Hw-Address    |
[   34.825661] cloud-init[660]: ci-info: +--------+------+----------------------------+---------------+--------+-------------------+
[   34.858246] cloud-init[660]: ci-info: | enp0s3 | True |         10.0.2.15          | 255.255.255.0 | global | 02:3b:7b:b7:3b:2d |
[   34.894698] cloud-init[660]: ci-info: | enp0s3 | True | fe80::3b:7bff:feb7:3b2d/64 |       .       |  link  | 02:3b:7b:b7:3b:2d |
[   34.919375] cloud-init[660]: ci-info: | enp0s8 | True |        192.168.56.5        | 255.255.255.0 | global | 08:00:27:55:0e:3f |
[   34.950175] cloud-init[660]: ci-info: | enp0s8 | True | fe80::a00:27ff:fe55:e3f/64 |       .       |  link  | 08:00:27:55:0e:3f |
[   34.974680] cloud-init[660]: ci-info: |   lo   | True |         127.0.0.1          |   255.0.0.0   |  host  |         .         |
[   35.002236] cloud-init[660]: ci-info: |   lo   | True |          ::1/128           |       .       |  host  |         .         |
[   35.038308] cloud-init[660]: ci-info: +--------+------+----------------------------+---------------+--------+-------------------+
[   35.069146] cloud-init[660]: ci-info: +++++++++++++++++++++++++++++Route IPv4 info+++++++++++++++++++++++++++++
[   35.090268] cloud-init[660]: ci-info: +-------+--------------+----------+-----------------+-----------+-------+
[   35.115490] cloud-init[660]: ci-info: | Route | Destination  | Gateway  |     Genmask     | Interface | Flags |
[   35.137204] cloud-init[660]: ci-info: +-------+--------------+----------+-----------------+-----------+-------+
[   35.163403] cloud-init[660]: ci-info: |   0   |   0.0.0.0    | 10.0.2.2 |     0.0.0.0     |   enp0s3  |   UG  |
[   35.201723] cloud-init[660]: ci-info: |   1   |   10.0.2.0   | 0.0.0.0  |  255.255.255.0  |   enp0s3  |   U   |
[   35.272363] cloud-init[660]: ci-info: |   2   |   10.0.2.2   | 0.0.0.0  | 255.255.255.255 |   enp0s3  |   UH  |
[   35.300396] cloud-init[660]: ci-info: |   3   | 192.168.56.0 | 0.0.0.0  |  255.255.255.0  |   enp0s8  |   U   |
[   35.322922] cloud-init[660]: ci-info: +-------+--------------+----------+-----------------+-----------+-------+
[   35.358195] cloud-init[660]: ci-info: +++++++++++++++++++Route IPv6 info+++++++++++++++++++
[   35.376000] cloud-init[660]: ci-info: +-------+-------------+---------+-----------+-------+
[   35.398613] cloud-init[660]: ci-info: | Route | Destination | Gateway | Interface | Flags |
[   35.432594] cloud-init[660]: ci-info: +-------+-------------+---------+-----------+-------+[[0;32m  OK  [0m
[   35.458465] ] Started Initial cloud-init job (metadata service crawler).cloud-init
[[660]: ci-info: |   1   |  fe80::/64  |    ::   |   enp0s8  |   U   |[0;32m  OK  [0m] Reached target Cloud-config availability.
[[0;32m  OK  [0m] Reached target System Initialization.
[   35.511140] 
[[0;32m  OK  [0mcloud-init[660]: ] Listening on ACPID Listen Socket.
ci-info: |   2   |  fe80::/64  |    ::   |   enp0s3  |   U   |[[0;32m  OK  [0m] 
Started Discard unused blocks once a week.
[   35.552698] cloud-init[660]: ci-info: |   4   |    local    |    ::   |   enp0s3  |   U   |[[0;32m  OK  [0m] 
[   35.574498] Started ACPI Events Check.
cloud-init[[0;32m  OK  [0m[660]: ci-info: |   5   |    local    |    ::   |   enp0s8  |   U   |] Listening on UUID daemon activation socket.
[   35.609007] cloud-init
[660]: ci-info: |   6   |   ff00::/8  |    ::   |   enp0s8  |   U   |[[0;32m  OK  [0m
[   35.651871] ] Listening on Open-iSCSI iscsid Socket.cloud-init[660]: 
[[0;32m  OK  [0mci-info: |   7   |   ff00::/8  |    ::   |   enp0s3  |   U   |] Started Daily apt download activities.
[   35.695481] 
cloud-init[[0;32m  OK  [0m[660]: ci-info: +-------+-------------+---------+-----------+-------+] Started Daily apt upgrade and clean activities.

[[0;32m  OK  [0m] Started Ubuntu Advantage Timer for running repeated jobs.
         Starting Socket activation for snappy daemon.
[[0;32m  OK  [0m] Listening on D-Bus System Message Bus Socket.
         Starting LXD - unix socket.
[[0;32m  OK  [0m] Started Daily Cleanup of Temporary Directories.
[[0;32m  OK  [0m] Started Message of the Day.
[[0;32m  OK  [0m] Reached target Timers.
[[0;32m  OK  [0m] Listening on cloud-init hotplug hook socket.
[[0;32m  OK  [0m] Reached target Paths.
[[0;32m  OK  [0m] Reached target Network is Online.
         Starting Availability of block devices...
[[0;32m  OK  [0m] Reached target Remote File Systems (Pre).
         Mounting /vagrant...
[[0;32m  OK  [0m] Listening on Socket activation for snappy daemon.
[[0;32m  OK  [0m] Listening on LXD - unix socket.
[[0;32m  OK  [0m] Started Availability of block devices.
[[0;32m  OK  [0m] Mounted /vagrant.
[[0;32m  OK  [0m] Reached target Remote File Systems.
[[0;32m  OK  [0m] Reached target Sockets.
[[0;32m  OK  [0m] Reached target Basic System.
         Starting System Logging Service...
[[0;32m  OK  [0m] Started FUSE filesystem for LXC.
         Starting Accounts Service...
[[0;32m  OK  [0m] Started irqbalance daemon.
         Starting LSB: automatic crash report generation...
         Starting Virtualbox guest utils...
         Starting LXD - container startup/shutdown...
         Starting LSB: Record successful boot for GRUB...
[[0;32m  OK  [0m] Started Deferred execution scheduler.
         Starting Dispatcher daemon for systemd-networkd...
[[0;32m  OK  [0m] Reached target Login Prompts (Pre).
         Starting Login Service...
         Starting Permit User Sessions...
[[0;32m  OK  [0m] Started D-Bus System Message Bus.
[[0;32m  OK  [0m] Started Login Service.
[[0;32m  OK  [0m] Started Unattended Upgrades Shutdown.
         Starting Snap Daemon...
         Starting OpenBSD Secure Shell server...
[[0;32m  OK  [0m] Started Regular background program processing daemon.
[[0;32m  OK  [0m] Started System Logging Service.
[[0;32m  OK  [0m] Started Permit User Sessions.
         Starting Authorization Manager...
         Starting Hold until boot process finishes up...
         Starting Terminate Plymouth Boot Screen...
[[0;32m  OK  [0m] Started Hold until boot process finishes up.
[[0;32m  OK  [0m] Started Terminate Plymouth Boot Screen.
         Starting Set console scheme...
[[0;32m  OK  [0m] Started Serial Getty on ttyS0.
[[0;32m  OK  [0m] Started Set console scheme.
[[0;32m  OK  [0m] Created slice system-getty.slice.
[[0;32m  OK  [0m] Started Getty on tty1.
[[0;32m  OK  [0m] Reached target Login Prompts.
[[0;32m  OK  [0m] Started LSB: automatic crash report generation.
[[0;32m  OK  [0m] Started Authorization Manager.
[[0;32m  OK  [0m] Started LSB: Record successful boot for GRUB.
[[0;32m  OK  [0m] Started Accounts Service.
[[0;32m  OK  [0m] Started OpenBSD Secure Shell server.
[[0;32m  OK  [0m] Started Virtualbox guest utils.

Ubuntu 18.04.6 LTS server3 ttyS0

server3 login: [   91.205616] cloud-init[1029]: Cloud-init v. 23.1.2-0ubuntu0~18.04.1 running 'modules:config' at Sun, 11 Aug 2024 20:52:18 +0000. Up 90.82 seconds.
[   94.030898] cloud-init[1134]: Cloud-init v. 23.1.2-0ubuntu0~18.04.1 running 'modules:final' at Sun, 11 Aug 2024 20:52:21 +0000. Up 93.43 seconds.
[   94.104766] cloud-init[1134]: Cloud-init v. 23.1.2-0ubuntu0~18.04.1 finished at Sun, 11 Aug 2024 20:52:21 +0000. Datasource DataSourceNoCloud [seed=/dev/sdb][dsmode=net].  Up 93.98 seconds
